<?xml version="1.0" encoding="ISO-8859-1" ?>
<link_info>
   <banner>MSP430 Linker PC v18.12.1.LTS</banner>
   <copyright>Copyright (c) 2003-2018 Texas Instruments Incorporated</copyright>
   <link_time>0x5d451c70</link_time>
   <link_errors>0x0</link_errors>
   <output_file>rose-rtos-msp430f5529.out</output_file>
   <entry_point>
      <name>_c_int00_noargs</name>
      <address>0x4434</address>
   </entry_point>
   <input_file_list>
      <input_file id="fl-2">
         <path>.\src\</path>
         <kind>object</kind>
         <file>Hardware.obj</file>
         <name>Hardware.obj</name>
      </input_file>
      <input_file id="fl-3">
         <path>.\src\</path>
         <kind>object</kind>
         <file>Kernel.obj</file>
         <name>Kernel.obj</name>
      </input_file>
      <input_file id="fl-4">
         <path>.\src\</path>
         <kind>object</kind>
         <file>Scheduler.obj</file>
         <name>Scheduler.obj</name>
      </input_file>
      <input_file id="fl-5">
         <path>.\src\</path>
         <kind>object</kind>
         <file>Task_Cfg.obj</file>
         <name>Task_Cfg.obj</name>
      </input_file>
      <input_file id="fl-6">
         <path>.\src\</path>
         <kind>object</kind>
         <file>Tasks.obj</file>
         <name>Tasks.obj</name>
      </input_file>
      <input_file id="fl-7">
         <path>.\src\</path>
         <kind>object</kind>
         <file>list.obj</file>
         <name>list.obj</name>
      </input_file>
      <input_file id="fl-8">
         <path>.\src\</path>
         <kind>object</kind>
         <file>main.obj</file>
         <name>main.obj</name>
      </input_file>
      <input_file id="fl-e">
         <kind>object</kind>
         <file>&lt;internal&gt;</file>
         <name>&lt;internal&gt;</name>
      </input_file>
      <input_file id="fl-29">
         <path>C:\ti\ccs900\ccs\tools\compiler\ti-cgt-msp430_18.12.1.LTS\lib\</path>
         <kind>archive</kind>
         <file>rts430x_lc_rd_eabi.lib</file>
         <name>sprintf.c.obj</name>
      </input_file>
      <input_file id="fl-2a">
         <path>C:\ti\ccs900\ccs\tools\compiler\ti-cgt-msp430_18.12.1.LTS\lib\</path>
         <kind>archive</kind>
         <file>rts430x_lc_rd_eabi.lib</file>
         <name>int41.asm.obj</name>
      </input_file>
      <input_file id="fl-2b">
         <path>C:\ti\ccs900\ccs\tools\compiler\ti-cgt-msp430_18.12.1.LTS\lib\</path>
         <kind>archive</kind>
         <file>rts430x_lc_rd_eabi.lib</file>
         <name>int42.asm.obj</name>
      </input_file>
      <input_file id="fl-2c">
         <path>C:\ti\ccs900\ccs\tools\compiler\ti-cgt-msp430_18.12.1.LTS\lib\</path>
         <kind>archive</kind>
         <file>rts430x_lc_rd_eabi.lib</file>
         <name>int43.asm.obj</name>
      </input_file>
      <input_file id="fl-2d">
         <path>C:\ti\ccs900\ccs\tools\compiler\ti-cgt-msp430_18.12.1.LTS\lib\</path>
         <kind>archive</kind>
         <file>rts430x_lc_rd_eabi.lib</file>
         <name>int45.asm.obj</name>
      </input_file>
      <input_file id="fl-2e">
         <path>C:\ti\ccs900\ccs\tools\compiler\ti-cgt-msp430_18.12.1.LTS\lib\</path>
         <kind>archive</kind>
         <file>rts430x_lc_rd_eabi.lib</file>
         <name>int46.asm.obj</name>
      </input_file>
      <input_file id="fl-2f">
         <path>C:\ti\ccs900\ccs\tools\compiler\ti-cgt-msp430_18.12.1.LTS\lib\</path>
         <kind>archive</kind>
         <file>rts430x_lc_rd_eabi.lib</file>
         <name>int47.asm.obj</name>
      </input_file>
      <input_file id="fl-30">
         <path>C:\ti\ccs900\ccs\tools\compiler\ti-cgt-msp430_18.12.1.LTS\lib\</path>
         <kind>archive</kind>
         <file>rts430x_lc_rd_eabi.lib</file>
         <name>int48.asm.obj</name>
      </input_file>
      <input_file id="fl-31">
         <path>C:\ti\ccs900\ccs\tools\compiler\ti-cgt-msp430_18.12.1.LTS\lib\</path>
         <kind>archive</kind>
         <file>rts430x_lc_rd_eabi.lib</file>
         <name>int49.asm.obj</name>
      </input_file>
      <input_file id="fl-32">
         <path>C:\ti\ccs900\ccs\tools\compiler\ti-cgt-msp430_18.12.1.LTS\lib\</path>
         <kind>archive</kind>
         <file>rts430x_lc_rd_eabi.lib</file>
         <name>int50.asm.obj</name>
      </input_file>
      <input_file id="fl-33">
         <path>C:\ti\ccs900\ccs\tools\compiler\ti-cgt-msp430_18.12.1.LTS\lib\</path>
         <kind>archive</kind>
         <file>rts430x_lc_rd_eabi.lib</file>
         <name>int51.asm.obj</name>
      </input_file>
      <input_file id="fl-34">
         <path>C:\ti\ccs900\ccs\tools\compiler\ti-cgt-msp430_18.12.1.LTS\lib\</path>
         <kind>archive</kind>
         <file>rts430x_lc_rd_eabi.lib</file>
         <name>int52.asm.obj</name>
      </input_file>
      <input_file id="fl-35">
         <path>C:\ti\ccs900\ccs\tools\compiler\ti-cgt-msp430_18.12.1.LTS\lib\</path>
         <kind>archive</kind>
         <file>rts430x_lc_rd_eabi.lib</file>
         <name>int53.asm.obj</name>
      </input_file>
      <input_file id="fl-36">
         <path>C:\ti\ccs900\ccs\tools\compiler\ti-cgt-msp430_18.12.1.LTS\lib\</path>
         <kind>archive</kind>
         <file>rts430x_lc_rd_eabi.lib</file>
         <name>int54.asm.obj</name>
      </input_file>
      <input_file id="fl-37">
         <path>C:\ti\ccs900\ccs\tools\compiler\ti-cgt-msp430_18.12.1.LTS\lib\</path>
         <kind>archive</kind>
         <file>rts430x_lc_rd_eabi.lib</file>
         <name>int55.asm.obj</name>
      </input_file>
      <input_file id="fl-38">
         <path>C:\ti\ccs900\ccs\tools\compiler\ti-cgt-msp430_18.12.1.LTS\lib\</path>
         <kind>archive</kind>
         <file>rts430x_lc_rd_eabi.lib</file>
         <name>int56.asm.obj</name>
      </input_file>
      <input_file id="fl-39">
         <path>C:\ti\ccs900\ccs\tools\compiler\ti-cgt-msp430_18.12.1.LTS\lib\</path>
         <kind>archive</kind>
         <file>rts430x_lc_rd_eabi.lib</file>
         <name>int57.asm.obj</name>
      </input_file>
      <input_file id="fl-3a">
         <path>C:\ti\ccs900\ccs\tools\compiler\ti-cgt-msp430_18.12.1.LTS\lib\</path>
         <kind>archive</kind>
         <file>rts430x_lc_rd_eabi.lib</file>
         <name>int58.asm.obj</name>
      </input_file>
      <input_file id="fl-3b">
         <path>C:\ti\ccs900\ccs\tools\compiler\ti-cgt-msp430_18.12.1.LTS\lib\</path>
         <kind>archive</kind>
         <file>rts430x_lc_rd_eabi.lib</file>
         <name>int59.asm.obj</name>
      </input_file>
      <input_file id="fl-3c">
         <path>C:\ti\ccs900\ccs\tools\compiler\ti-cgt-msp430_18.12.1.LTS\lib\</path>
         <kind>archive</kind>
         <file>rts430x_lc_rd_eabi.lib</file>
         <name>int60.asm.obj</name>
      </input_file>
      <input_file id="fl-3d">
         <path>C:\ti\ccs900\ccs\tools\compiler\ti-cgt-msp430_18.12.1.LTS\lib\</path>
         <kind>archive</kind>
         <file>rts430x_lc_rd_eabi.lib</file>
         <name>int61.asm.obj</name>
      </input_file>
      <input_file id="fl-3e">
         <path>C:\ti\ccs900\ccs\tools\compiler\ti-cgt-msp430_18.12.1.LTS\lib\</path>
         <kind>archive</kind>
         <file>rts430x_lc_rd_eabi.lib</file>
         <name>int62.asm.obj</name>
      </input_file>
      <input_file id="fl-3f">
         <path>C:\ti\ccs900\ccs\tools\compiler\ti-cgt-msp430_18.12.1.LTS\lib\</path>
         <kind>archive</kind>
         <file>rts430x_lc_rd_eabi.lib</file>
         <name>isr_trap.asm.obj</name>
      </input_file>
      <input_file id="fl-40">
         <path>C:\ti\ccs900\ccs\tools\compiler\ti-cgt-msp430_18.12.1.LTS\lib\</path>
         <kind>archive</kind>
         <file>rts430x_lc_rd_eabi.lib</file>
         <name>mult16.asm.obj</name>
      </input_file>
      <input_file id="fl-41">
         <path>C:\ti\ccs900\ccs\tools\compiler\ti-cgt-msp430_18.12.1.LTS\lib\</path>
         <kind>archive</kind>
         <file>rts430x_lc_rd_eabi.lib</file>
         <name>mult16_f5hw.asm.obj</name>
      </input_file>
      <input_file id="fl-42">
         <path>C:\ti\ccs900\ccs\tools\compiler\ti-cgt-msp430_18.12.1.LTS\lib\</path>
         <kind>archive</kind>
         <file>rts430x_lc_rd_eabi.lib</file>
         <name>mult1632_f5hw.asm.obj</name>
      </input_file>
      <input_file id="fl-43">
         <path>C:\ti\ccs900\ccs\tools\compiler\ti-cgt-msp430_18.12.1.LTS\lib\</path>
         <kind>archive</kind>
         <file>rts430x_lc_rd_eabi.lib</file>
         <name>mult32_f5hw.asm.obj</name>
      </input_file>
      <input_file id="fl-44">
         <path>C:\ti\ccs900\ccs\tools\compiler\ti-cgt-msp430_18.12.1.LTS\lib\</path>
         <kind>archive</kind>
         <file>rts430x_lc_rd_eabi.lib</file>
         <name>mult3264_f5hw.asm.obj</name>
      </input_file>
      <input_file id="fl-45">
         <path>C:\ti\ccs900\ccs\tools\compiler\ti-cgt-msp430_18.12.1.LTS\lib\</path>
         <kind>archive</kind>
         <file>rts430x_lc_rd_eabi.lib</file>
         <name>mult64_f5hw.asm.obj</name>
      </input_file>
      <input_file id="fl-46">
         <path>C:\ti\ccs900\ccs\tools\compiler\ti-cgt-msp430_18.12.1.LTS\lib\</path>
         <kind>archive</kind>
         <file>rts430x_lc_rd_eabi.lib</file>
         <name>boot.c.obj</name>
      </input_file>
      <input_file id="fl-47">
         <path>C:\ti\ccs900\ccs\tools\compiler\ti-cgt-msp430_18.12.1.LTS\lib\</path>
         <kind>archive</kind>
         <file>rts430x_lc_rd_eabi.lib</file>
         <name>autoinit.c.obj</name>
      </input_file>
      <input_file id="fl-48">
         <path>C:\ti\ccs900\ccs\tools\compiler\ti-cgt-msp430_18.12.1.LTS\lib\</path>
         <kind>archive</kind>
         <file>rts430x_lc_rd_eabi.lib</file>
         <name>copy_zero_init.c.obj</name>
      </input_file>
      <input_file id="fl-49">
         <path>C:\ti\ccs900\ccs\tools\compiler\ti-cgt-msp430_18.12.1.LTS\lib\</path>
         <kind>archive</kind>
         <file>rts430x_lc_rd_eabi.lib</file>
         <name>cpy_tbl.c.obj</name>
      </input_file>
      <input_file id="fl-4a">
         <path>C:\ti\ccs900\ccs\tools\compiler\ti-cgt-msp430_18.12.1.LTS\lib\</path>
         <kind>archive</kind>
         <file>rts430x_lc_rd_eabi.lib</file>
         <name>mpu_init.c.obj</name>
      </input_file>
      <input_file id="fl-4b">
         <path>C:\ti\ccs900\ccs\tools\compiler\ti-cgt-msp430_18.12.1.LTS\lib\</path>
         <kind>archive</kind>
         <file>rts430x_lc_rd_eabi.lib</file>
         <name>pre_init.c.obj</name>
      </input_file>
      <input_file id="fl-4c">
         <path>C:\ti\ccs900\ccs\tools\compiler\ti-cgt-msp430_18.12.1.LTS\lib\</path>
         <kind>archive</kind>
         <file>rts430x_lc_rd_eabi.lib</file>
         <name>startup.c.obj</name>
      </input_file>
      <input_file id="fl-4d">
         <path>C:\ti\ccs900\ccs\tools\compiler\ti-cgt-msp430_18.12.1.LTS\lib\</path>
         <kind>archive</kind>
         <file>rts430x_lc_rd_eabi.lib</file>
         <name>copy_decompress_none.c.obj</name>
      </input_file>
      <input_file id="fl-4e">
         <path>C:\ti\ccs900\ccs\tools\compiler\ti-cgt-msp430_18.12.1.LTS\lib\</path>
         <kind>archive</kind>
         <file>rts430x_lc_rd_eabi.lib</file>
         <name>copy_decompress_lzss.c.obj</name>
      </input_file>
      <input_file id="fl-4f">
         <path>C:\ti\ccs900\ccs\tools\compiler\ti-cgt-msp430_18.12.1.LTS\lib\</path>
         <kind>archive</kind>
         <file>rts430x_lc_rd_eabi.lib</file>
         <name>cvtdf.c.obj</name>
      </input_file>
      <input_file id="fl-50">
         <path>C:\ti\ccs900\ccs\tools\compiler\ti-cgt-msp430_18.12.1.LTS\lib\</path>
         <kind>archive</kind>
         <file>rts430x_lc_rd_eabi.lib</file>
         <name>fixdu.c.obj</name>
      </input_file>
      <input_file id="fl-51">
         <path>C:\ti\ccs900\ccs\tools\compiler\ti-cgt-msp430_18.12.1.LTS\lib\</path>
         <kind>archive</kind>
         <file>rts430x_lc_rd_eabi.lib</file>
         <name>fixdul.c.obj</name>
      </input_file>
      <input_file id="fl-52">
         <path>C:\ti\ccs900\ccs\tools\compiler\ti-cgt-msp430_18.12.1.LTS\lib\</path>
         <kind>archive</kind>
         <file>rts430x_lc_rd_eabi.lib</file>
         <name>fltud.c.obj</name>
      </input_file>
      <input_file id="fl-53">
         <path>C:\ti\ccs900\ccs\tools\compiler\ti-cgt-msp430_18.12.1.LTS\lib\</path>
         <kind>archive</kind>
         <file>rts430x_lc_rd_eabi.lib</file>
         <name>fltuld.c.obj</name>
      </input_file>
      <input_file id="fl-54">
         <path>C:\ti\ccs900\ccs\tools\compiler\ti-cgt-msp430_18.12.1.LTS\lib\</path>
         <kind>archive</kind>
         <file>rts430x_lc_rd_eabi.lib</file>
         <name>mpyd.c.obj</name>
      </input_file>
      <input_file id="fl-55">
         <path>C:\ti\ccs900\ccs\tools\compiler\ti-cgt-msp430_18.12.1.LTS\lib\</path>
         <kind>archive</kind>
         <file>rts430x_lc_rd_eabi.lib</file>
         <name>exit.c.obj</name>
      </input_file>
      <input_file id="fl-56">
         <path>C:\ti\ccs900\ccs\tools\compiler\ti-cgt-msp430_18.12.1.LTS\lib\</path>
         <kind>archive</kind>
         <file>rts430x_lc_rd_eabi.lib</file>
         <name>_lock.c.obj</name>
      </input_file>
      <input_file id="fl-57">
         <path>C:\ti\ccs900\ccs\tools\compiler\ti-cgt-msp430_18.12.1.LTS\lib\</path>
         <kind>archive</kind>
         <file>rts430x_lc_rd_eabi.lib</file>
         <name>args_main.c.obj</name>
      </input_file>
      <input_file id="fl-58">
         <path>C:\ti\ccs900\ccs\tools\compiler\ti-cgt-msp430_18.12.1.LTS\lib\</path>
         <kind>archive</kind>
         <file>rts430x_lc_rd_eabi.lib</file>
         <name>memcpy.c.obj</name>
      </input_file>
      <input_file id="fl-59">
         <path>C:\ti\ccs900\ccs\tools\compiler\ti-cgt-msp430_18.12.1.LTS\lib\</path>
         <kind>archive</kind>
         <file>rts430x_lc_rd_eabi.lib</file>
         <name>strlen.c.obj</name>
      </input_file>
      <input_file id="fl-5a">
         <path>C:\ti\ccs900\ccs\tools\compiler\ti-cgt-msp430_18.12.1.LTS\lib\</path>
         <kind>archive</kind>
         <file>rts430x_lc_rd_eabi.lib</file>
         <name>_printfi_min.c.obj</name>
      </input_file>
      <input_file id="fl-5b">
         <path>C:\ti\ccs900\ccs\tools\compiler\ti-cgt-msp430_18.12.1.LTS\lib\</path>
         <kind>archive</kind>
         <file>rts430x_lc_rd_eabi.lib</file>
         <name>div16u.asm.obj</name>
      </input_file>
      <input_file id="fl-5c">
         <path>C:\ti\ccs900\ccs\tools\compiler\ti-cgt-msp430_18.12.1.LTS\lib\</path>
         <kind>archive</kind>
         <file>rts430x_lc_rd_eabi.lib</file>
         <name>lsl32.asm.obj</name>
      </input_file>
      <input_file id="fl-5d">
         <path>C:\ti\ccs900\ccs\tools\compiler\ti-cgt-msp430_18.12.1.LTS\lib\</path>
         <kind>archive</kind>
         <file>rts430x_lc_rd_eabi.lib</file>
         <name>lsr32.asm.obj</name>
      </input_file>
      <input_file id="fl-5e">
         <path>C:\ti\ccs900\ccs\tools\compiler\ti-cgt-msp430_18.12.1.LTS\lib\</path>
         <kind>archive</kind>
         <file>rts430x_lc_rd_eabi.lib</file>
         <name>exit_gvars.c.obj</name>
      </input_file>
      <input_file id="fl-5f">
         <path>C:\ti\ccs900\ccs\tools\compiler\ti-cgt-msp430_18.12.1.LTS\lib\</path>
         <kind>archive</kind>
         <file>rts430x_lc_rd_eabi.lib</file>
         <name>lsr64.c.obj</name>
      </input_file>
      <input_file id="fl-60">
         <path>C:\ti\ccs900\ccs\tools\compiler\ti-cgt-msp430_18.12.1.LTS\lib\</path>
         <kind>archive</kind>
         <file>rts430x_lc_rd_eabi.lib</file>
         <name>frcmpyd.c.obj</name>
      </input_file>
      <input_file id="fl-61">
         <path>C:\ti\ccs900\ccs\tools\compiler\ti-cgt-msp430_18.12.1.LTS\lib\</path>
         <kind>archive</kind>
         <file>rts430x_lc_rd_eabi.lib</file>
         <name>memccpy.c.obj</name>
      </input_file>
      <input_file id="fl-62">
         <path>C:\ti\ccs900\ccs\tools\compiler\ti-cgt-msp430_18.12.1.LTS\lib\</path>
         <kind>archive</kind>
         <file>rts430x_lc_rd_eabi.lib</file>
         <name>memset.c.obj</name>
      </input_file>
      <input_file id="fl-63">
         <path>C:\ti\ccs900\ccs\tools\compiler\ti-cgt-msp430_18.12.1.LTS\lib\</path>
         <kind>archive</kind>
         <file>rts430x_lc_rd_eabi.lib</file>
         <name>asr32.asm.obj</name>
      </input_file>
      <input_file id="fl-64">
         <path>C:\ti\ccs900\ccs\tools\compiler\ti-cgt-msp430_18.12.1.LTS\lib\</path>
         <kind>archive</kind>
         <file>rts430x_lc_rd_eabi.lib</file>
         <name>mult32.asm.obj</name>
      </input_file>
   </input_file_list>
   <object_component_list>
      <object_component id="oc-3f2">
         <name>.bss</name>
         <uninitialized>true</uninitialized>
         <run_address>0x278a</run_address>
         <size>0xa</size>
         <input_file_ref idref="fl-2"/>
      </object_component>
      <object_component id="oc-614">
         <name>.bss:button0</name>
         <uninitialized>true</uninitialized>
         <run_address>0x276c</run_address>
         <size>0x1e</size>
         <input_file_ref idref="fl-6"/>
      </object_component>
      <object_component id="oc-600">
         <name>.common:event_vector</name>
         <uninitialized>true</uninitialized>
         <run_address>0x2794</run_address>
         <size>0x2</size>
      </object_component>
      <object_component id="oc-5f5">
         <name>.common:servo_lut</name>
         <uninitialized>true</uninitialized>
         <run_address>0x2602</run_address>
         <size>0x16a</size>
      </object_component>
      <object_component id="oc-486">
         <name>.data</name>
         <load_address>0x25f9</load_address>
         <run_address>0x25f9</run_address>
         <size>0x1</size>
         <input_file_ref idref="fl-3"/>
      </object_component>
      <object_component id="oc-4dc">
         <name>.data</name>
         <load_address>0x25f0</load_address>
         <run_address>0x25f0</run_address>
         <size>0x9</size>
         <input_file_ref idref="fl-4"/>
      </object_component>
      <object_component id="oc-4d3">
         <name>.data:Tasks</name>
         <load_address>0x2400</load_address>
         <run_address>0x2400</run_address>
         <size>0x114</size>
         <input_file_ref idref="fl-5"/>
      </object_component>
      <object_component id="oc-57a">
         <name>.data:tasks_ids</name>
         <load_address>0x2594</load_address>
         <run_address>0x2594</run_address>
         <size>0x3c</size>
         <input_file_ref idref="fl-5"/>
      </object_component>
      <object_component id="oc-4f2">
         <name>.data:ready_list</name>
         <load_address>0x25fa</load_address>
         <run_address>0x25fa</run_address>
         <size>0x8</size>
         <input_file_ref idref="fl-5"/>
      </object_component>
      <object_component id="oc-5ba">
         <name>.data</name>
         <load_address>0x25d0</load_address>
         <run_address>0x25d0</run_address>
         <size>0x20</size>
         <input_file_ref idref="fl-6"/>
      </object_component>
      <object_component id="oc-603">
         <name>.data:ram_buffer</name>
         <load_address>0x2514</load_address>
         <run_address>0x2514</run_address>
         <size>0x80</size>
         <input_file_ref idref="fl-6"/>
      </object_component>
      <object_component id="oc-37d">
         <name>.stack</name>
         <uninitialized>true</uninitialized>
         <run_address>0x4360</run_address>
         <size>0x4</size>
         <input_file_ref idref="fl-46"/>
      </object_component>
      <object_component id="oc-762">
         <name>.stack</name>
         <uninitialized>true</uninitialized>
         <run_address>0x4360</run_address>
         <size>0x0</size>
      </object_component>
      <object_component id="oc-621">
         <name>.text:__TI_frcmpyd</name>
         <load_address>0x10000</load_address>
         <run_address>0x10000</run_address>
         <size>0x280</size>
         <input_file_ref idref="fl-60"/>
      </object_component>
      <object_component id="oc-5c3">
         <name>.text:__mspabi_mpyd</name>
         <load_address>0x10280</load_address>
         <run_address>0x10280</run_address>
         <size>0x266</size>
         <input_file_ref idref="fl-54"/>
      </object_component>
      <object_component id="oc-6a5">
         <name>.text:_setfield</name>
         <load_address>0x104e6</load_address>
         <run_address>0x104e6</run_address>
         <size>0x132</size>
         <input_file_ref idref="fl-5a"/>
      </object_component>
      <object_component id="oc-4e0">
         <name>.text:update_ready_list</name>
         <load_address>0x10618</load_address>
         <run_address>0x10618</run_address>
         <size>0xe6</size>
         <input_file_ref idref="fl-4"/>
      </object_component>
      <object_component id="oc-691">
         <name>.text:__TI_printfi_minimal</name>
         <load_address>0x106fe</load_address>
         <run_address>0x106fe</run_address>
         <size>0xdc</size>
         <input_file_ref idref="fl-5a"/>
      </object_component>
      <object_component id="oc-6c6">
         <name>.text:_pproc_diouxp</name>
         <load_address>0x107da</load_address>
         <run_address>0x107da</run_address>
         <size>0xda</size>
         <input_file_ref idref="fl-5a"/>
      </object_component>
      <object_component id="oc-53e">
         <name>.text:Task_10ms</name>
         <load_address>0x108b4</load_address>
         <run_address>0x108b4</run_address>
         <size>0xc2</size>
         <input_file_ref idref="fl-6"/>
      </object_component>
      <object_component id="oc-5c9">
         <name>.text:__mspabi_cvtdf</name>
         <load_address>0x10976</load_address>
         <run_address>0x10976</run_address>
         <size>0x8c</size>
         <input_file_ref idref="fl-4f"/>
      </object_component>
      <object_component id="oc-490">
         <name>.text:Scheduler_RunTasks</name>
         <load_address>0x10a02</load_address>
         <run_address>0x10a02</run_address>
         <size>0x84</size>
         <input_file_ref idref="fl-4"/>
      </object_component>
      <object_component id="oc-61a">
         <name>.text:__mspabi_fltuld</name>
         <load_address>0x10a86</load_address>
         <run_address>0x10a86</run_address>
         <size>0x80</size>
         <input_file_ref idref="fl-53"/>
      </object_component>
      <object_component id="oc-57d">
         <name>.text:enqueue</name>
         <load_address>0x10b06</load_address>
         <run_address>0x10b06</run_address>
         <size>0x7c</size>
         <input_file_ref idref="fl-7"/>
      </object_component>
      <object_component id="oc-6d">
         <name>.text:decompress:lzss:__TI_decompress_lzss</name>
         <load_address>0x10b82</load_address>
         <run_address>0x10b82</run_address>
         <size>0x76</size>
         <input_file_ref idref="fl-4e"/>
      </object_component>
      <object_component id="oc-5e4">
         <name>.text:Task_Aperiodic_ButtonInit</name>
         <load_address>0x10bf8</load_address>
         <run_address>0x10bf8</run_address>
         <size>0x74</size>
         <input_file_ref idref="fl-6"/>
      </object_component>
      <object_component id="oc-556">
         <name>.text:Task_40ms</name>
         <load_address>0x10c6c</load_address>
         <run_address>0x10c6c</run_address>
         <size>0x68</size>
         <input_file_ref idref="fl-6"/>
      </object_component>
      <object_component id="oc-639">
         <name>.text:__mspabi_fixdul</name>
         <load_address>0x10cd4</load_address>
         <run_address>0x10cd4</run_address>
         <size>0x68</size>
         <input_file_ref idref="fl-51"/>
      </object_component>
      <object_component id="oc-5f8">
         <name>.text:write_log</name>
         <load_address>0x10d3c</load_address>
         <run_address>0x10d3c</run_address>
         <size>0x64</size>
         <input_file_ref idref="fl-6"/>
      </object_component>
      <object_component id="oc-5b4">
         <name>.text:evaluate_button</name>
         <load_address>0x10da0</load_address>
         <run_address>0x10da0</run_address>
         <size>0x60</size>
         <input_file_ref idref="fl-6"/>
      </object_component>
      <object_component id="oc-4f5">
         <name>.text:dequeue</name>
         <load_address>0x10e00</load_address>
         <run_address>0x10e00</run_address>
         <size>0x5a</size>
         <input_file_ref idref="fl-7"/>
      </object_component>
      <object_component id="oc-45f">
         <name>.text:__TI_auto_init_nobinit_nopinit_hold_wdt:__TI_auto_init_nobinit_nopinit_hold_wdt</name>
         <load_address>0x10e5a</load_address>
         <run_address>0x10e5a</run_address>
         <size>0x54</size>
         <input_file_ref idref="fl-47"/>
      </object_component>
      <object_component id="oc-48a">
         <name>.text:Scheduler_InitTasks</name>
         <load_address>0x10eae</load_address>
         <run_address>0x10eae</run_address>
         <size>0x52</size>
         <input_file_ref idref="fl-4"/>
      </object_component>
      <object_component id="oc-526">
         <name>.text:Task_5ms</name>
         <load_address>0x10f00</load_address>
         <run_address>0x10f00</run_address>
         <size>0x50</size>
         <input_file_ref idref="fl-6"/>
      </object_component>
      <object_component id="oc-4ec">
         <name>.text:task_state_transition</name>
         <load_address>0x10f50</load_address>
         <run_address>0x10f50</run_address>
         <size>0x50</size>
         <input_file_ref idref="fl-4"/>
      </object_component>
      <object_component id="oc-562">
         <name>.text:write_SegC</name>
         <load_address>0x10fa0</load_address>
         <run_address>0x10fa0</run_address>
         <size>0x50</size>
         <input_file_ref idref="fl-6"/>
      </object_component>
      <object_component id="oc-55c">
         <name>.text:Task_40msInit</name>
         <load_address>0x10ff0</load_address>
         <run_address>0x10ff0</run_address>
         <size>0x48</size>
         <input_file_ref idref="fl-6"/>
      </object_component>
      <object_component id="oc-6ab">
         <name>.text:_pproc_str</name>
         <load_address>0x11038</load_address>
         <run_address>0x11038</run_address>
         <size>0x48</size>
         <input_file_ref idref="fl-5a"/>
      </object_component>
      <object_component id="oc-651">
         <name>.text:sprintf</name>
         <load_address>0x11080</load_address>
         <run_address>0x11080</run_address>
         <size>0x44</size>
         <input_file_ref idref="fl-29"/>
      </object_component>
      <object_component id="oc-665">
         <name>.text:l_asr_const</name>
         <load_address>0x110c4</load_address>
         <run_address>0x110c4</run_address>
         <size>0x3e</size>
         <input_file_ref idref="fl-63"/>
      </object_component>
      <object_component id="oc-62e">
         <name>.text:l_lsl_const</name>
         <load_address>0x11102</load_address>
         <run_address>0x11102</run_address>
         <size>0x3e</size>
         <input_file_ref idref="fl-5c"/>
      </object_component>
      <object_component id="oc-65e">
         <name>.text:l_lsr_const</name>
         <load_address>0x11140</load_address>
         <run_address>0x11140</run_address>
         <size>0x3e</size>
         <input_file_ref idref="fl-5d"/>
      </object_component>
      <object_component id="oc-58b">
         <name>.text:low_pulse_pin</name>
         <load_address>0x1117e</load_address>
         <run_address>0x1117e</run_address>
         <size>0x34</size>
         <input_file_ref idref="fl-2"/>
      </object_component>
      <object_component id="oc-4d6">
         <name>.text:start_output_pin</name>
         <load_address>0x111b2</load_address>
         <run_address>0x111b2</run_address>
         <size>0x2a</size>
         <input_file_ref idref="fl-2"/>
      </object_component>
      <object_component id="oc-5d7">
         <name>.text:Task_Aperiodic_Button</name>
         <load_address>0x111dc</load_address>
         <run_address>0x111dc</run_address>
         <size>0x26</size>
         <input_file_ref idref="fl-6"/>
      </object_component>
      <object_component id="oc-3a4">
         <name>.text:decompress:ZI:__TI_zero_init_nomemset:__TI_zero_init_nomemset</name>
         <load_address>0x11202</load_address>
         <run_address>0x11202</run_address>
         <size>0x24</size>
         <input_file_ref idref="fl-48"/>
      </object_component>
      <object_component id="oc-66a">
         <name>.text</name>
         <load_address>0x11226</load_address>
         <run_address>0x11226</run_address>
         <size>0x24</size>
         <input_file_ref idref="fl-43"/>
      </object_component>
      <object_component id="oc-544">
         <name>.text:Task_10msInit</name>
         <load_address>0x1124a</load_address>
         <run_address>0x1124a</run_address>
         <size>0x20</size>
         <input_file_ref idref="fl-6"/>
      </object_component>
      <object_component id="oc-550">
         <name>.text:Task_20msInit</name>
         <load_address>0x1126a</load_address>
         <run_address>0x1126a</run_address>
         <size>0x20</size>
         <input_file_ref idref="fl-6"/>
      </object_component>
      <object_component id="oc-685">
         <name>.text:_outs</name>
         <load_address>0x1128a</load_address>
         <run_address>0x1128a</run_address>
         <size>0x20</size>
         <input_file_ref idref="fl-29"/>
      </object_component>
      <object_component id="oc-585">
         <name>.text:falling_edge_pin</name>
         <load_address>0x112aa</load_address>
         <run_address>0x112aa</run_address>
         <size>0x20</size>
         <input_file_ref idref="fl-2"/>
      </object_component>
      <object_component id="oc-591">
         <name>.text:rising_edge_pin</name>
         <load_address>0x112ca</load_address>
         <run_address>0x112ca</run_address>
         <size>0x20</size>
         <input_file_ref idref="fl-2"/>
      </object_component>
      <object_component id="oc-6cc">
         <name>.text:memccpy</name>
         <load_address>0x112ea</load_address>
         <run_address>0x112ea</run_address>
         <size>0x1e</size>
         <input_file_ref idref="fl-61"/>
      </object_component>
      <object_component id="oc-5de">
         <name>.text:Task_Aperiodic_ADCInit</name>
         <load_address>0x11308</load_address>
         <run_address>0x11308</run_address>
         <size>0x1c</size>
         <input_file_ref idref="fl-6"/>
      </object_component>
      <object_component id="oc-480">
         <name>.text:HardwareInitTimerA2</name>
         <load_address>0x11324</load_address>
         <run_address>0x11324</run_address>
         <size>0x1a</size>
         <input_file_ref idref="fl-2"/>
      </object_component>
      <object_component id="oc-54a">
         <name>.text:Task_20ms</name>
         <load_address>0x1133e</load_address>
         <run_address>0x1133e</run_address>
         <size>0x1a</size>
         <input_file_ref idref="fl-6"/>
      </object_component>
      <object_component id="oc-434">
         <name>.text:KernelRun</name>
         <load_address>0x11358</load_address>
         <run_address>0x11358</run_address>
         <size>0x18</size>
         <input_file_ref idref="fl-3"/>
      </object_component>
      <object_component id="oc-4ce">
         <name>.text</name>
         <load_address>0x11370</load_address>
         <run_address>0x11370</run_address>
         <size>0x18</size>
         <input_file_ref idref="fl-41"/>
      </object_component>
      <object_component id="oc-568">
         <name>.text:Task_80msInit</name>
         <load_address>0x11388</load_address>
         <run_address>0x11388</run_address>
         <size>0x16</size>
         <input_file_ref idref="fl-6"/>
      </object_component>
      <object_component id="oc-6bf">
         <name>.text:memset</name>
         <load_address>0x1139e</load_address>
         <run_address>0x1139e</run_address>
         <size>0x16</size>
         <input_file_ref idref="fl-62"/>
      </object_component>
      <object_component id="oc-6dd">
         <name>.text</name>
         <load_address>0x113b4</load_address>
         <run_address>0x113b4</run_address>
         <size>0x16</size>
         <input_file_ref idref="fl-5b"/>
      </object_component>
      <object_component id="oc-42e">
         <name>.text:KernelInit</name>
         <load_address>0x113ca</load_address>
         <run_address>0x113ca</run_address>
         <size>0x14</size>
         <input_file_ref idref="fl-3"/>
      </object_component>
      <object_component id="oc-68b">
         <name>.text:_outc</name>
         <load_address>0x113de</load_address>
         <run_address>0x113de</run_address>
         <size>0x14</size>
         <input_file_ref idref="fl-29"/>
      </object_component>
      <object_component id="oc-38c">
         <name>.text:memcpy</name>
         <load_address>0x113f2</load_address>
         <run_address>0x113f2</run_address>
         <size>0x14</size>
         <input_file_ref idref="fl-58"/>
      </object_component>
      <object_component id="oc-4e6">
         <name>.text:HardwareGetTick</name>
         <load_address>0x11406</load_address>
         <run_address>0x11406</run_address>
         <size>0x12</size>
         <input_file_ref idref="fl-2"/>
      </object_component>
      <object_component id="oc-5d1">
         <name>.text:Task_Aperiodic_ADC</name>
         <load_address>0x11418</load_address>
         <run_address>0x11418</run_address>
         <size>0x12</size>
         <input_file_ref idref="fl-6"/>
      </object_component>
      <object_component id="oc-5ef">
         <name>.text:__mspabi_fixdu</name>
         <load_address>0x1142a</load_address>
         <run_address>0x1142a</run_address>
         <size>0x12</size>
         <input_file_ref idref="fl-50"/>
      </object_component>
      <object_component id="oc-73">
         <name>.text:decompress:none:__TI_decompress_none</name>
         <load_address>0x1143c</load_address>
         <run_address>0x1143c</run_address>
         <size>0x12</size>
         <input_file_ref idref="fl-4d"/>
      </object_component>
      <object_component id="oc-676">
         <name>.text:l_lsr</name>
         <load_address>0x1144e</load_address>
         <run_address>0x1144e</run_address>
         <size>0x10</size>
         <input_file_ref idref="fl-5d"/>
      </object_component>
      <object_component id="oc-64a">
         <name>.text:strlen</name>
         <load_address>0x1145e</load_address>
         <run_address>0x1145e</run_address>
         <size>0xe</size>
         <input_file_ref idref="fl-59"/>
      </object_component>
      <object_component id="oc-404">
         <name>.text:main</name>
         <load_address>0x1146c</load_address>
         <run_address>0x1146c</run_address>
         <size>0xc</size>
         <input_file_ref idref="fl-8"/>
      </object_component>
      <object_component id="oc-532">
         <name>.text:Task_PeriodicServer6ms</name>
         <load_address>0x11478</load_address>
         <run_address>0x11478</run_address>
         <size>0xa</size>
         <input_file_ref idref="fl-6"/>
      </object_component>
      <object_component id="oc-538">
         <name>.text:Task_PeriodicServer6msInit</name>
         <load_address>0x11482</load_address>
         <run_address>0x11482</run_address>
         <size>0xa</size>
         <input_file_ref idref="fl-6"/>
      </object_component>
      <object_component id="oc-5bd">
         <name>.text:__mspabi_fltud</name>
         <load_address>0x1148c</load_address>
         <run_address>0x1148c</run_address>
         <size>0x6</size>
         <input_file_ref idref="fl-52"/>
      </object_component>
      <object_component id="oc-43b">
         <name>.text:abort</name>
         <load_address>0x11492</load_address>
         <run_address>0x11492</run_address>
         <size>0x6</size>
         <input_file_ref idref="fl-55"/>
      </object_component>
      <object_component id="oc-3fe">
         <name>.text:_system_pre_init</name>
         <load_address>0x11498</load_address>
         <run_address>0x11498</run_address>
         <size>0x4</size>
         <input_file_ref idref="fl-4b"/>
      </object_component>
      <object_component id="oc-47a">
         <name>.text:HardwareInitIO</name>
         <load_address>0x1149c</load_address>
         <run_address>0x1149c</run_address>
         <size>0x2</size>
         <input_file_ref idref="fl-2"/>
      </object_component>
      <object_component id="oc-52c">
         <name>.text:Task_5msInit</name>
         <load_address>0x1149e</load_address>
         <run_address>0x1149e</run_address>
         <size>0x2</size>
         <input_file_ref idref="fl-6"/>
      </object_component>
      <object_component id="oc-4a9">
         <name>.text:_system_post_cinit</name>
         <load_address>0x114a0</load_address>
         <run_address>0x114a0</run_address>
         <size>0x2</size>
         <input_file_ref idref="fl-4c"/>
      </object_component>
      <object_component id="oc-39e">
         <name>.text:_isr:Timer_A2</name>
         <load_address>0x4400</load_address>
         <run_address>0x4400</run_address>
         <size>0x34</size>
         <input_file_ref idref="fl-2"/>
      </object_component>
      <object_component id="oc-3b6">
         <name>.text:_isr:_c_int00_noargs</name>
         <load_address>0x4434</load_address>
         <run_address>0x4434</run_address>
         <size>0x1c</size>
         <input_file_ref idref="fl-46"/>
      </object_component>
      <object_component id="oc-399">
         <name>.text:_isr:__TI_ISR_TRAP</name>
         <load_address>0x4450</load_address>
         <run_address>0x4450</run_address>
         <size>0x8</size>
         <input_file_ref idref="fl-3f"/>
      </object_component>
      <object_component id="oc-761">
         <name>.cinit..data.load</name>
         <load_address>0x4490</load_address>
         <run_address>0x4490</run_address>
         <size>0x9a</size>
      </object_component>
      <object_component id="oc-75e">
         <name>__TI_handler_table</name>
         <load_address>0x452a</load_address>
         <run_address>0x452a</run_address>
         <size>0xc</size>
      </object_component>
      <object_component id="oc-760">
         <name>.cinit..bss.load</name>
         <load_address>0x4536</load_address>
         <run_address>0x4536</run_address>
         <size>0x6</size>
      </object_component>
      <object_component id="oc-75f">
         <name>__TI_cinit_table</name>
         <load_address>0x453c</load_address>
         <run_address>0x453c</run_address>
         <size>0x10</size>
      </object_component>
      <object_component id="oc-647">
         <name>.const:.string:max_speed_message</name>
         <load_address>0x4458</load_address>
         <run_address>0x4458</run_address>
         <size>0x20</size>
         <input_file_ref idref="fl-6"/>
      </object_component>
      <object_component id="oc-6c5">
         <name>.const:.string</name>
         <load_address>0x4478</load_address>
         <run_address>0x4478</run_address>
         <size>0x14</size>
         <input_file_ref idref="fl-5a"/>
      </object_component>
      <object_component id="oc-650">
         <name>.const:.string</name>
         <load_address>0x448c</load_address>
         <run_address>0x448c</run_address>
         <size>0x4</size>
         <input_file_ref idref="fl-6"/>
      </object_component>
      <object_component id="oc-6f0">
         <name>.binit</name>
         <load_address>0x4400</load_address>
         <run_address>0x4400</run_address>
         <size>0x0</size>
      </object_component>
      <object_component id="oc-79">
         <name>.int41</name>
         <load_address>0xffd2</load_address>
         <run_address>0xffd2</run_address>
         <size>0x2</size>
         <input_file_ref idref="fl-2a"/>
      </object_component>
      <object_component id="oc-7a">
         <name>.int42</name>
         <load_address>0xffd4</load_address>
         <run_address>0xffd4</run_address>
         <size>0x2</size>
         <input_file_ref idref="fl-2b"/>
      </object_component>
      <object_component id="oc-7b">
         <name>.int43</name>
         <load_address>0xffd6</load_address>
         <run_address>0xffd6</run_address>
         <size>0x2</size>
         <input_file_ref idref="fl-2c"/>
      </object_component>
      <object_component id="oc-7c">
         <name>.int44</name>
         <load_address>0xffd8</load_address>
         <run_address>0xffd8</run_address>
         <size>0x2</size>
         <input_file_ref idref="fl-2"/>
      </object_component>
      <object_component id="oc-7d">
         <name>.int45</name>
         <load_address>0xffda</load_address>
         <run_address>0xffda</run_address>
         <size>0x2</size>
         <input_file_ref idref="fl-2d"/>
      </object_component>
      <object_component id="oc-7e">
         <name>.int46</name>
         <load_address>0xffdc</load_address>
         <run_address>0xffdc</run_address>
         <size>0x2</size>
         <input_file_ref idref="fl-2e"/>
      </object_component>
      <object_component id="oc-7f">
         <name>.int47</name>
         <load_address>0xffde</load_address>
         <run_address>0xffde</run_address>
         <size>0x2</size>
         <input_file_ref idref="fl-2f"/>
      </object_component>
      <object_component id="oc-80">
         <name>.int48</name>
         <load_address>0xffe0</load_address>
         <run_address>0xffe0</run_address>
         <size>0x2</size>
         <input_file_ref idref="fl-30"/>
      </object_component>
      <object_component id="oc-81">
         <name>.int49</name>
         <load_address>0xffe2</load_address>
         <run_address>0xffe2</run_address>
         <size>0x2</size>
         <input_file_ref idref="fl-31"/>
      </object_component>
      <object_component id="oc-82">
         <name>.int50</name>
         <load_address>0xffe4</load_address>
         <run_address>0xffe4</run_address>
         <size>0x2</size>
         <input_file_ref idref="fl-32"/>
      </object_component>
      <object_component id="oc-83">
         <name>.int51</name>
         <load_address>0xffe6</load_address>
         <run_address>0xffe6</run_address>
         <size>0x2</size>
         <input_file_ref idref="fl-33"/>
      </object_component>
      <object_component id="oc-84">
         <name>.int52</name>
         <load_address>0xffe8</load_address>
         <run_address>0xffe8</run_address>
         <size>0x2</size>
         <input_file_ref idref="fl-34"/>
      </object_component>
      <object_component id="oc-85">
         <name>.int53</name>
         <load_address>0xffea</load_address>
         <run_address>0xffea</run_address>
         <size>0x2</size>
         <input_file_ref idref="fl-35"/>
      </object_component>
      <object_component id="oc-86">
         <name>.int54</name>
         <load_address>0xffec</load_address>
         <run_address>0xffec</run_address>
         <size>0x2</size>
         <input_file_ref idref="fl-36"/>
      </object_component>
      <object_component id="oc-87">
         <name>.int55</name>
         <load_address>0xffee</load_address>
         <run_address>0xffee</run_address>
         <size>0x2</size>
         <input_file_ref idref="fl-37"/>
      </object_component>
      <object_component id="oc-88">
         <name>.int56</name>
         <load_address>0xfff0</load_address>
         <run_address>0xfff0</run_address>
         <size>0x2</size>
         <input_file_ref idref="fl-38"/>
      </object_component>
      <object_component id="oc-89">
         <name>.int57</name>
         <load_address>0xfff2</load_address>
         <run_address>0xfff2</run_address>
         <size>0x2</size>
         <input_file_ref idref="fl-39"/>
      </object_component>
      <object_component id="oc-8a">
         <name>.int58</name>
         <load_address>0xfff4</load_address>
         <run_address>0xfff4</run_address>
         <size>0x2</size>
         <input_file_ref idref="fl-3a"/>
      </object_component>
      <object_component id="oc-8b">
         <name>.int59</name>
         <load_address>0xfff6</load_address>
         <run_address>0xfff6</run_address>
         <size>0x2</size>
         <input_file_ref idref="fl-3b"/>
      </object_component>
      <object_component id="oc-8c">
         <name>.int60</name>
         <load_address>0xfff8</load_address>
         <run_address>0xfff8</run_address>
         <size>0x2</size>
         <input_file_ref idref="fl-3c"/>
      </object_component>
      <object_component id="oc-8d">
         <name>.int61</name>
         <load_address>0xfffa</load_address>
         <run_address>0xfffa</run_address>
         <size>0x2</size>
         <input_file_ref idref="fl-3d"/>
      </object_component>
      <object_component id="oc-8e">
         <name>.int62</name>
         <load_address>0xfffc</load_address>
         <run_address>0xfffc</run_address>
         <size>0x2</size>
         <input_file_ref idref="fl-3e"/>
      </object_component>
      <object_component id="oc-380">
         <name>.reset</name>
         <load_address>0xfffe</load_address>
         <run_address>0xfffe</run_address>
         <size>0x2</size>
         <input_file_ref idref="fl-46"/>
      </object_component>
      <object_component id="oc-572">
         <name>.debug_info</name>
         <load_address>0x0</load_address>
         <run_address>0x0</run_address>
         <size>0x20c</size>
         <input_file_ref idref="fl-2"/>
      </object_component>
      <object_component id="oc-3f3">
         <name>.debug_info</name>
         <load_address>0x20c</load_address>
         <run_address>0x20c</run_address>
         <size>0x11b</size>
         <input_file_ref idref="fl-2"/>
      </object_component>
      <object_component id="oc-4d9">
         <name>.debug_info</name>
         <load_address>0x327</load_address>
         <run_address>0x327</run_address>
         <size>0x177</size>
         <input_file_ref idref="fl-2"/>
      </object_component>
      <object_component id="oc-594">
         <name>.debug_info</name>
         <load_address>0x49e</load_address>
         <run_address>0x49e</run_address>
         <size>0x175</size>
         <input_file_ref idref="fl-2"/>
      </object_component>
      <object_component id="oc-58e">
         <name>.debug_info</name>
         <load_address>0x613</load_address>
         <run_address>0x613</run_address>
         <size>0x171</size>
         <input_file_ref idref="fl-2"/>
      </object_component>
      <object_component id="oc-587">
         <name>.debug_info</name>
         <load_address>0x784</load_address>
         <run_address>0x784</run_address>
         <size>0x177</size>
         <input_file_ref idref="fl-2"/>
      </object_component>
      <object_component id="oc-3a0">
         <name>.debug_info</name>
         <load_address>0x8fb</load_address>
         <run_address>0x8fb</run_address>
         <size>0x12d</size>
         <input_file_ref idref="fl-2"/>
      </object_component>
      <object_component id="oc-482">
         <name>.debug_info</name>
         <load_address>0xa28</load_address>
         <run_address>0xa28</run_address>
         <size>0x142</size>
         <input_file_ref idref="fl-2"/>
      </object_component>
      <object_component id="oc-47b">
         <name>.debug_info</name>
         <load_address>0xb6a</load_address>
         <run_address>0xb6a</run_address>
         <size>0x138</size>
         <input_file_ref idref="fl-2"/>
      </object_component>
      <object_component id="oc-4e8">
         <name>.debug_info</name>
         <load_address>0xca2</load_address>
         <run_address>0xca2</run_address>
         <size>0x13e</size>
         <input_file_ref idref="fl-2"/>
      </object_component>
      <object_component id="oc-573">
         <name>.debug_info</name>
         <load_address>0xde0</load_address>
         <run_address>0xde0</run_address>
         <size>0x179</size>
         <input_file_ref idref="fl-2"/>
      </object_component>
      <object_component id="oc-387">
         <name>.debug_info</name>
         <load_address>0xf59</load_address>
         <run_address>0xf59</run_address>
         <size>0x84</size>
         <input_file_ref idref="fl-2"/>
      </object_component>
      <object_component id="oc-601">
         <name>.debug_info</name>
         <load_address>0xfdd</load_address>
         <run_address>0xfdd</run_address>
         <size>0x2c5</size>
         <input_file_ref idref="fl-3"/>
      </object_component>
      <object_component id="oc-487">
         <name>.debug_info</name>
         <load_address>0x12a2</load_address>
         <run_address>0x12a2</run_address>
         <size>0x101</size>
         <input_file_ref idref="fl-3"/>
      </object_component>
      <object_component id="oc-435">
         <name>.debug_info</name>
         <load_address>0x13a3</load_address>
         <run_address>0x13a3</run_address>
         <size>0x15b</size>
         <input_file_ref idref="fl-3"/>
      </object_component>
      <object_component id="oc-431">
         <name>.debug_info</name>
         <load_address>0x14fe</load_address>
         <run_address>0x14fe</run_address>
         <size>0x159</size>
         <input_file_ref idref="fl-3"/>
      </object_component>
      <object_component id="oc-598">
         <name>.debug_info</name>
         <load_address>0x1657</load_address>
         <run_address>0x1657</run_address>
         <size>0x12e</size>
         <input_file_ref idref="fl-3"/>
      </object_component>
      <object_component id="oc-59f">
         <name>.debug_info</name>
         <load_address>0x1785</load_address>
         <run_address>0x1785</run_address>
         <size>0xd5</size>
         <input_file_ref idref="fl-3"/>
      </object_component>
      <object_component id="oc-4fc">
         <name>.debug_info</name>
         <load_address>0x185a</load_address>
         <run_address>0x185a</run_address>
         <size>0x34d</size>
         <input_file_ref idref="fl-4"/>
      </object_component>
      <object_component id="oc-4dd">
         <name>.debug_info</name>
         <load_address>0x1ba7</load_address>
         <run_address>0x1ba7</run_address>
         <size>0x120</size>
         <input_file_ref idref="fl-4"/>
      </object_component>
      <object_component id="oc-4ee">
         <name>.debug_info</name>
         <load_address>0x1cc7</load_address>
         <run_address>0x1cc7</run_address>
         <size>0x1e2</size>
         <input_file_ref idref="fl-4"/>
      </object_component>
      <object_component id="oc-4e1">
         <name>.debug_info</name>
         <load_address>0x1ea9</load_address>
         <run_address>0x1ea9</run_address>
         <size>0x26c</size>
         <input_file_ref idref="fl-4"/>
      </object_component>
      <object_component id="oc-491">
         <name>.debug_info</name>
         <load_address>0x2115</load_address>
         <run_address>0x2115</run_address>
         <size>0x249</size>
         <input_file_ref idref="fl-4"/>
      </object_component>
      <object_component id="oc-48c">
         <name>.debug_info</name>
         <load_address>0x235e</load_address>
         <run_address>0x235e</run_address>
         <size>0x1ae</size>
         <input_file_ref idref="fl-4"/>
      </object_component>
      <object_component id="oc-570">
         <name>.debug_info</name>
         <load_address>0x250c</load_address>
         <run_address>0x250c</run_address>
         <size>0x348</size>
         <input_file_ref idref="fl-5"/>
      </object_component>
      <object_component id="oc-4d4">
         <name>.debug_info</name>
         <load_address>0x2854</load_address>
         <run_address>0x2854</run_address>
         <size>0xec</size>
         <input_file_ref idref="fl-5"/>
      </object_component>
      <object_component id="oc-57b">
         <name>.debug_info</name>
         <load_address>0x2940</load_address>
         <run_address>0x2940</run_address>
         <size>0xf4</size>
         <input_file_ref idref="fl-5"/>
      </object_component>
      <object_component id="oc-4f3">
         <name>.debug_info</name>
         <load_address>0x2a34</load_address>
         <run_address>0x2a34</run_address>
         <size>0xf6</size>
         <input_file_ref idref="fl-5"/>
      </object_component>
      <object_component id="oc-5f6">
         <name>.debug_info</name>
         <load_address>0x2b2a</load_address>
         <run_address>0x2b2a</run_address>
         <size>0x5ac</size>
         <input_file_ref idref="fl-6"/>
      </object_component>
      <object_component id="oc-5bb">
         <name>.debug_info</name>
         <load_address>0x30d6</load_address>
         <run_address>0x30d6</run_address>
         <size>0x249</size>
         <input_file_ref idref="fl-6"/>
      </object_component>
      <object_component id="oc-604">
         <name>.debug_info</name>
         <load_address>0x331f</load_address>
         <run_address>0x331f</run_address>
         <size>0xf2</size>
         <input_file_ref idref="fl-6"/>
      </object_component>
      <object_component id="oc-615">
         <name>.debug_info</name>
         <load_address>0x3411</load_address>
         <run_address>0x3411</run_address>
         <size>0xec</size>
         <input_file_ref idref="fl-6"/>
      </object_component>
      <object_component id="oc-648">
         <name>.debug_info</name>
         <load_address>0x34fd</load_address>
         <run_address>0x34fd</run_address>
         <size>0x101</size>
         <input_file_ref idref="fl-6"/>
      </object_component>
      <object_component id="oc-5f9">
         <name>.debug_info</name>
         <load_address>0x35fe</load_address>
         <run_address>0x35fe</run_address>
         <size>0x1c4</size>
         <input_file_ref idref="fl-6"/>
      </object_component>
      <object_component id="oc-563">
         <name>.debug_info</name>
         <load_address>0x37c2</load_address>
         <run_address>0x37c2</run_address>
         <size>0x14d</size>
         <input_file_ref idref="fl-6"/>
      </object_component>
      <object_component id="oc-5b5">
         <name>.debug_info</name>
         <load_address>0x390f</load_address>
         <run_address>0x390f</run_address>
         <size>0x132</size>
         <input_file_ref idref="fl-6"/>
      </object_component>
      <object_component id="oc-5df">
         <name>.debug_info</name>
         <load_address>0x3a41</load_address>
         <run_address>0x3a41</run_address>
         <size>0x13f</size>
         <input_file_ref idref="fl-6"/>
      </object_component>
      <object_component id="oc-5e6">
         <name>.debug_info</name>
         <load_address>0x3b80</load_address>
         <run_address>0x3b80</run_address>
         <size>0x145</size>
         <input_file_ref idref="fl-6"/>
      </object_component>
      <object_component id="oc-539">
         <name>.debug_info</name>
         <load_address>0x3cc5</load_address>
         <run_address>0x3cc5</run_address>
         <size>0x184</size>
         <input_file_ref idref="fl-6"/>
      </object_component>
      <object_component id="oc-5d2">
         <name>.debug_info</name>
         <load_address>0x3e49</load_address>
         <run_address>0x3e49</run_address>
         <size>0x137</size>
         <input_file_ref idref="fl-6"/>
      </object_component>
      <object_component id="oc-5d9">
         <name>.debug_info</name>
         <load_address>0x3f80</load_address>
         <run_address>0x3f80</run_address>
         <size>0x13d</size>
         <input_file_ref idref="fl-6"/>
      </object_component>
      <object_component id="oc-534">
         <name>.debug_info</name>
         <load_address>0x40bd</load_address>
         <run_address>0x40bd</run_address>
         <size>0x174</size>
         <input_file_ref idref="fl-6"/>
      </object_component>
      <object_component id="oc-569">
         <name>.debug_info</name>
         <load_address>0x4231</load_address>
         <run_address>0x4231</run_address>
         <size>0x138</size>
         <input_file_ref idref="fl-6"/>
      </object_component>
      <object_component id="oc-52d">
         <name>.debug_info</name>
         <load_address>0x4369</load_address>
         <run_address>0x4369</run_address>
         <size>0x12b</size>
         <input_file_ref idref="fl-6"/>
      </object_component>
      <object_component id="oc-527">
         <name>.debug_info</name>
         <load_address>0x4494</load_address>
         <run_address>0x4494</run_address>
         <size>0x177</size>
         <input_file_ref idref="fl-6"/>
      </object_component>
      <object_component id="oc-55d">
         <name>.debug_info</name>
         <load_address>0x460b</load_address>
         <run_address>0x460b</run_address>
         <size>0x17e</size>
         <input_file_ref idref="fl-6"/>
      </object_component>
      <object_component id="oc-558">
         <name>.debug_info</name>
         <load_address>0x4789</load_address>
         <run_address>0x4789</run_address>
         <size>0x173</size>
         <input_file_ref idref="fl-6"/>
      </object_component>
      <object_component id="oc-552">
         <name>.debug_info</name>
         <load_address>0x48fc</load_address>
         <run_address>0x48fc</run_address>
         <size>0x12d</size>
         <input_file_ref idref="fl-6"/>
      </object_component>
      <object_component id="oc-54b">
         <name>.debug_info</name>
         <load_address>0x4a29</load_address>
         <run_address>0x4a29</run_address>
         <size>0x125</size>
         <input_file_ref idref="fl-6"/>
      </object_component>
      <object_component id="oc-545">
         <name>.debug_info</name>
         <load_address>0x4b4e</load_address>
         <run_address>0x4b4e</run_address>
         <size>0x12d</size>
         <input_file_ref idref="fl-6"/>
      </object_component>
      <object_component id="oc-540">
         <name>.debug_info</name>
         <load_address>0x4c7b</load_address>
         <run_address>0x4c7b</run_address>
         <size>0x15f</size>
         <input_file_ref idref="fl-6"/>
      </object_component>
      <object_component id="oc-642">
         <name>.debug_info</name>
         <load_address>0x4dda</load_address>
         <run_address>0x4dda</run_address>
         <size>0x26b</size>
         <input_file_ref idref="fl-6"/>
      </object_component>
      <object_component id="oc-67c">
         <name>.debug_info</name>
         <load_address>0x5045</load_address>
         <run_address>0x5045</run_address>
         <size>0x275</size>
         <input_file_ref idref="fl-6"/>
      </object_component>
      <object_component id="oc-3ea">
         <name>.debug_info</name>
         <load_address>0x52ba</load_address>
         <run_address>0x52ba</run_address>
         <size>0x2c</size>
         <input_file_ref idref="fl-6"/>
      </object_component>
      <object_component id="oc-6b3">
         <name>.debug_info</name>
         <load_address>0x52e6</load_address>
         <run_address>0x52e6</run_address>
         <size>0x2c</size>
         <input_file_ref idref="fl-6"/>
      </object_component>
      <object_component id="oc-5a5">
         <name>.debug_info</name>
         <load_address>0x5312</load_address>
         <run_address>0x5312</run_address>
         <size>0x184</size>
         <input_file_ref idref="fl-7"/>
      </object_component>
      <object_component id="oc-580">
         <name>.debug_info</name>
         <load_address>0x5496</load_address>
         <run_address>0x5496</run_address>
         <size>0x15d</size>
         <input_file_ref idref="fl-7"/>
      </object_component>
      <object_component id="oc-4f7">
         <name>.debug_info</name>
         <load_address>0x55f3</load_address>
         <run_address>0x55f3</run_address>
         <size>0x143</size>
         <input_file_ref idref="fl-7"/>
      </object_component>
      <object_component id="oc-408">
         <name>.debug_info</name>
         <load_address>0x5736</load_address>
         <run_address>0x5736</run_address>
         <size>0x13d</size>
         <input_file_ref idref="fl-8"/>
      </object_component>
      <object_component id="oc-698">
         <name>.debug_info</name>
         <load_address>0x5873</load_address>
         <run_address>0x5873</run_address>
         <size>0x22d</size>
         <input_file_ref idref="fl-29"/>
      </object_component>
      <object_component id="oc-655">
         <name>.debug_info</name>
         <load_address>0x5aa0</load_address>
         <run_address>0x5aa0</run_address>
         <size>0x1c6</size>
         <input_file_ref idref="fl-29"/>
      </object_component>
      <object_component id="oc-689">
         <name>.debug_info</name>
         <load_address>0x5c66</load_address>
         <run_address>0x5c66</run_address>
         <size>0x19c</size>
         <input_file_ref idref="fl-29"/>
      </object_component>
      <object_component id="oc-68d">
         <name>.debug_info</name>
         <load_address>0x5e02</load_address>
         <run_address>0x5e02</run_address>
         <size>0x171</size>
         <input_file_ref idref="fl-29"/>
      </object_component>
      <object_component id="oc-6d6">
         <name>.debug_info</name>
         <load_address>0x5f73</load_address>
         <run_address>0x5f73</run_address>
         <size>0x2c</size>
         <input_file_ref idref="fl-29"/>
      </object_component>
      <object_component id="oc-39b">
         <name>.debug_info</name>
         <load_address>0x5f9f</load_address>
         <run_address>0x5f9f</run_address>
         <size>0x113</size>
         <input_file_ref idref="fl-3f"/>
      </object_component>
      <object_component id="oc-4d1">
         <name>.debug_info</name>
         <load_address>0x60b2</load_address>
         <run_address>0x60b2</run_address>
         <size>0x134</size>
         <input_file_ref idref="fl-41"/>
      </object_component>
      <object_component id="oc-66d">
         <name>.debug_info</name>
         <load_address>0x61e6</load_address>
         <run_address>0x61e6</run_address>
         <size>0x134</size>
         <input_file_ref idref="fl-43"/>
      </object_component>
      <object_component id="oc-37e">
         <name>.debug_info</name>
         <load_address>0x631a</load_address>
         <run_address>0x631a</run_address>
         <size>0x104</size>
         <input_file_ref idref="fl-46"/>
      </object_component>
      <object_component id="oc-3b8">
         <name>.debug_info</name>
         <load_address>0x641e</load_address>
         <run_address>0x641e</run_address>
         <size>0x17e</size>
         <input_file_ref idref="fl-46"/>
      </object_component>
      <object_component id="oc-4b0">
         <name>.debug_info</name>
         <load_address>0x659c</load_address>
         <run_address>0x659c</run_address>
         <size>0x400</size>
         <input_file_ref idref="fl-47"/>
      </object_component>
      <object_component id="oc-460">
         <name>.debug_info</name>
         <load_address>0x699c</load_address>
         <run_address>0x699c</run_address>
         <size>0x234</size>
         <input_file_ref idref="fl-47"/>
      </object_component>
      <object_component id="oc-514">
         <name>.debug_info</name>
         <load_address>0x6bd0</load_address>
         <run_address>0x6bd0</run_address>
         <size>0x39</size>
         <input_file_ref idref="fl-47"/>
      </object_component>
      <object_component id="oc-520">
         <name>.debug_info</name>
         <load_address>0x6c09</load_address>
         <run_address>0x6c09</run_address>
         <size>0x2c</size>
         <input_file_ref idref="fl-47"/>
      </object_component>
      <object_component id="oc-4bb">
         <name>.debug_info</name>
         <load_address>0x6c35</load_address>
         <run_address>0x6c35</run_address>
         <size>0x2c</size>
         <input_file_ref idref="fl-47"/>
      </object_component>
      <object_component id="oc-519">
         <name>.debug_info</name>
         <load_address>0x6c61</load_address>
         <run_address>0x6c61</run_address>
         <size>0xcd</size>
         <input_file_ref idref="fl-47"/>
      </object_component>
      <object_component id="oc-3fc">
         <name>.debug_info</name>
         <load_address>0x6d2e</load_address>
         <run_address>0x6d2e</run_address>
         <size>0x183</size>
         <input_file_ref idref="fl-48"/>
      </object_component>
      <object_component id="oc-3a5">
         <name>.debug_info</name>
         <load_address>0x6eb1</load_address>
         <run_address>0x6eb1</run_address>
         <size>0x1db</size>
         <input_file_ref idref="fl-48"/>
      </object_component>
      <object_component id="oc-3f7">
         <name>.debug_info</name>
         <load_address>0x708c</load_address>
         <run_address>0x708c</run_address>
         <size>0x46</size>
         <input_file_ref idref="fl-48"/>
      </object_component>
      <object_component id="oc-3ff">
         <name>.debug_info</name>
         <load_address>0x70d2</load_address>
         <run_address>0x70d2</run_address>
         <size>0x157</size>
         <input_file_ref idref="fl-4b"/>
      </object_component>
      <object_component id="oc-4ad">
         <name>.debug_info</name>
         <load_address>0x7229</load_address>
         <run_address>0x7229</run_address>
         <size>0x154</size>
         <input_file_ref idref="fl-4c"/>
      </object_component>
      <object_component id="oc-398">
         <name>.debug_info</name>
         <load_address>0x737d</load_address>
         <run_address>0x737d</run_address>
         <size>0x193</size>
         <input_file_ref idref="fl-4d"/>
      </object_component>
      <object_component id="oc-77">
         <name>.debug_info</name>
         <load_address>0x7510</load_address>
         <run_address>0x7510</run_address>
         <size>0x1d7</size>
         <input_file_ref idref="fl-4d"/>
      </object_component>
      <object_component id="oc-393">
         <name>.debug_info</name>
         <load_address>0x76e7</load_address>
         <run_address>0x76e7</run_address>
         <size>0x46</size>
         <input_file_ref idref="fl-4d"/>
      </object_component>
      <object_component id="oc-3e7">
         <name>.debug_info</name>
         <load_address>0x772d</load_address>
         <run_address>0x772d</run_address>
         <size>0x17f</size>
         <input_file_ref idref="fl-4e"/>
      </object_component>
      <object_component id="oc-6e">
         <name>.debug_info</name>
         <load_address>0x78ac</load_address>
         <run_address>0x78ac</run_address>
         <size>0x254</size>
         <input_file_ref idref="fl-4e"/>
      </object_component>
      <object_component id="oc-382">
         <name>.debug_info</name>
         <load_address>0x7b00</load_address>
         <run_address>0x7b00</run_address>
         <size>0x60</size>
         <input_file_ref idref="fl-4e"/>
      </object_component>
      <object_component id="oc-420">
         <name>.debug_info</name>
         <load_address>0x7b60</load_address>
         <run_address>0x7b60</run_address>
         <size>0x46</size>
         <input_file_ref idref="fl-4e"/>
      </object_component>
      <object_component id="oc-3e2">
         <name>.debug_info</name>
         <load_address>0x7ba6</load_address>
         <run_address>0x7ba6</run_address>
         <size>0x39</size>
         <input_file_ref idref="fl-4e"/>
      </object_component>
      <object_component id="oc-634">
         <name>.debug_info</name>
         <load_address>0x7bdf</load_address>
         <run_address>0x7bdf</run_address>
         <size>0x16e</size>
         <input_file_ref idref="fl-4f"/>
      </object_component>
      <object_component id="oc-5cb">
         <name>.debug_info</name>
         <load_address>0x7d4d</load_address>
         <run_address>0x7d4d</run_address>
         <size>0x1af</size>
         <input_file_ref idref="fl-4f"/>
      </object_component>
      <object_component id="oc-5f1">
         <name>.debug_info</name>
         <load_address>0x7efc</load_address>
         <run_address>0x7efc</run_address>
         <size>0x17a</size>
         <input_file_ref idref="fl-50"/>
      </object_component>
      <object_component id="oc-63a">
         <name>.debug_info</name>
         <load_address>0x8076</load_address>
         <run_address>0x8076</run_address>
         <size>0x1b4</size>
         <input_file_ref idref="fl-51"/>
      </object_component>
      <object_component id="oc-628">
         <name>.debug_info</name>
         <load_address>0x822a</load_address>
         <run_address>0x822a</run_address>
         <size>0x94</size>
         <input_file_ref idref="fl-51"/>
      </object_component>
      <object_component id="oc-5be">
         <name>.debug_info</name>
         <load_address>0x82be</load_address>
         <run_address>0x82be</run_address>
         <size>0x16a</size>
         <input_file_ref idref="fl-52"/>
      </object_component>
      <object_component id="oc-664">
         <name>.debug_info</name>
         <load_address>0x8428</load_address>
         <run_address>0x8428</run_address>
         <size>0x179</size>
         <input_file_ref idref="fl-53"/>
      </object_component>
      <object_component id="oc-61c">
         <name>.debug_info</name>
         <load_address>0x85a1</load_address>
         <run_address>0x85a1</run_address>
         <size>0x1c5</size>
         <input_file_ref idref="fl-53"/>
      </object_component>
      <object_component id="oc-62d">
         <name>.debug_info</name>
         <load_address>0x8766</load_address>
         <run_address>0x8766</run_address>
         <size>0x1ab</size>
         <input_file_ref idref="fl-54"/>
      </object_component>
      <object_component id="oc-5c5">
         <name>.debug_info</name>
         <load_address>0x8911</load_address>
         <run_address>0x8911</run_address>
         <size>0x267</size>
         <input_file_ref idref="fl-54"/>
      </object_component>
      <object_component id="oc-43c">
         <name>.debug_info</name>
         <load_address>0x8b78</load_address>
         <run_address>0x8b78</run_address>
         <size>0x126</size>
         <input_file_ref idref="fl-55"/>
      </object_component>
      <object_component id="oc-3e9">
         <name>.debug_info</name>
         <load_address>0x8c9e</load_address>
         <run_address>0x8c9e</run_address>
         <size>0x19e</size>
         <input_file_ref idref="fl-58"/>
      </object_component>
      <object_component id="oc-38d">
         <name>.debug_info</name>
         <load_address>0x8e3c</load_address>
         <run_address>0x8e3c</run_address>
         <size>0x17e</size>
         <input_file_ref idref="fl-58"/>
      </object_component>
      <object_component id="oc-684">
         <name>.debug_info</name>
         <load_address>0x8fba</load_address>
         <run_address>0x8fba</run_address>
         <size>0x16b</size>
         <input_file_ref idref="fl-59"/>
      </object_component>
      <object_component id="oc-64b">
         <name>.debug_info</name>
         <load_address>0x9125</load_address>
         <run_address>0x9125</run_address>
         <size>0x23a</size>
         <input_file_ref idref="fl-59"/>
      </object_component>
      <object_component id="oc-6b2">
         <name>.debug_info</name>
         <load_address>0x935f</load_address>
         <run_address>0x935f</run_address>
         <size>0x330</size>
         <input_file_ref idref="fl-5a"/>
      </object_component>
      <object_component id="oc-6c9">
         <name>.debug_info</name>
         <load_address>0x968f</load_address>
         <run_address>0x968f</run_address>
         <size>0x29f</size>
         <input_file_ref idref="fl-5a"/>
      </object_component>
      <object_component id="oc-6a8">
         <name>.debug_info</name>
         <load_address>0x992e</load_address>
         <run_address>0x992e</run_address>
         <size>0x293</size>
         <input_file_ref idref="fl-5a"/>
      </object_component>
      <object_component id="oc-6ae">
         <name>.debug_info</name>
         <load_address>0x9bc1</load_address>
         <run_address>0x9bc1</run_address>
         <size>0x230</size>
         <input_file_ref idref="fl-5a"/>
      </object_component>
      <object_component id="oc-695">
         <name>.debug_info</name>
         <load_address>0x9df1</load_address>
         <run_address>0x9df1</run_address>
         <size>0x2d8</size>
         <input_file_ref idref="fl-5a"/>
      </object_component>
      <object_component id="oc-6b8">
         <name>.debug_info</name>
         <load_address>0xa0c9</load_address>
         <run_address>0xa0c9</run_address>
         <size>0x86</size>
         <input_file_ref idref="fl-5a"/>
      </object_component>
      <object_component id="oc-6e3">
         <name>.debug_info</name>
         <load_address>0xa14f</load_address>
         <run_address>0xa14f</run_address>
         <size>0x39</size>
         <input_file_ref idref="fl-5a"/>
      </object_component>
      <object_component id="oc-6de">
         <name>.debug_info</name>
         <load_address>0xa188</load_address>
         <run_address>0xa188</run_address>
         <size>0x125</size>
         <input_file_ref idref="fl-5b"/>
      </object_component>
      <object_component id="oc-630">
         <name>.debug_info</name>
         <load_address>0xa2ad</load_address>
         <run_address>0xa2ad</run_address>
         <size>0x12a</size>
         <input_file_ref idref="fl-5c"/>
      </object_component>
      <object_component id="oc-677">
         <name>.debug_info</name>
         <load_address>0xa3d7</load_address>
         <run_address>0xa3d7</run_address>
         <size>0x124</size>
         <input_file_ref idref="fl-5d"/>
      </object_component>
      <object_component id="oc-65f">
         <name>.debug_info</name>
         <load_address>0xa4fb</load_address>
         <run_address>0xa4fb</run_address>
         <size>0x12a</size>
         <input_file_ref idref="fl-5d"/>
      </object_component>
      <object_component id="oc-670">
         <name>.debug_info</name>
         <load_address>0xa625</load_address>
         <run_address>0xa625</run_address>
         <size>0x180</size>
         <input_file_ref idref="fl-60"/>
      </object_component>
      <object_component id="oc-622">
         <name>.debug_info</name>
         <load_address>0xa7a5</load_address>
         <run_address>0xa7a5</run_address>
         <size>0x341</size>
         <input_file_ref idref="fl-60"/>
      </object_component>
      <object_component id="oc-6e9">
         <name>.debug_info</name>
         <load_address>0xaae6</load_address>
         <run_address>0xaae6</run_address>
         <size>0x17c</size>
         <input_file_ref idref="fl-61"/>
      </object_component>
      <object_component id="oc-6d0">
         <name>.debug_info</name>
         <load_address>0xac62</load_address>
         <run_address>0xac62</run_address>
         <size>0x1ba</size>
         <input_file_ref idref="fl-61"/>
      </object_component>
      <object_component id="oc-6dc">
         <name>.debug_info</name>
         <load_address>0xae1c</load_address>
         <run_address>0xae1c</run_address>
         <size>0x17b</size>
         <input_file_ref idref="fl-62"/>
      </object_component>
      <object_component id="oc-6c0">
         <name>.debug_info</name>
         <load_address>0xaf97</load_address>
         <run_address>0xaf97</run_address>
         <size>0x27f</size>
         <input_file_ref idref="fl-62"/>
      </object_component>
      <object_component id="oc-666">
         <name>.debug_info</name>
         <load_address>0xb216</load_address>
         <run_address>0xb216</run_address>
         <size>0x12a</size>
         <input_file_ref idref="fl-63"/>
      </object_component>
      <object_component id="oc-765">
         <name>.debug_info</name>
         <load_address>0xb340</load_address>
         <run_address>0xb340</run_address>
         <size>0xb9</size>
      </object_component>
      <object_component id="oc-60b">
         <name>.debug_line</name>
         <load_address>0x0</load_address>
         <run_address>0x0</run_address>
         <size>0x5a</size>
         <input_file_ref idref="fl-2"/>
      </object_component>
      <object_component id="oc-42a">
         <name>.debug_line</name>
         <load_address>0x5a</load_address>
         <run_address>0x5a</run_address>
         <size>0x35</size>
         <input_file_ref idref="fl-2"/>
      </object_component>
      <object_component id="oc-4d7">
         <name>.debug_line</name>
         <load_address>0x8f</load_address>
         <run_address>0x8f</run_address>
         <size>0x4c</size>
         <input_file_ref idref="fl-2"/>
      </object_component>
      <object_component id="oc-593">
         <name>.debug_line</name>
         <load_address>0xdb</load_address>
         <run_address>0xdb</run_address>
         <size>0x4b</size>
         <input_file_ref idref="fl-2"/>
      </object_component>
      <object_component id="oc-58c">
         <name>.debug_line</name>
         <load_address>0x126</load_address>
         <run_address>0x126</run_address>
         <size>0x4d</size>
         <input_file_ref idref="fl-2"/>
      </object_component>
      <object_component id="oc-586">
         <name>.debug_line</name>
         <load_address>0x173</load_address>
         <run_address>0x173</run_address>
         <size>0x4b</size>
         <input_file_ref idref="fl-2"/>
      </object_component>
      <object_component id="oc-39f">
         <name>.debug_line</name>
         <load_address>0x1be</load_address>
         <run_address>0x1be</run_address>
         <size>0x51</size>
         <input_file_ref idref="fl-2"/>
      </object_component>
      <object_component id="oc-481">
         <name>.debug_line</name>
         <load_address>0x20f</load_address>
         <run_address>0x20f</run_address>
         <size>0x4e</size>
         <input_file_ref idref="fl-2"/>
      </object_component>
      <object_component id="oc-47e">
         <name>.debug_line</name>
         <load_address>0x25d</load_address>
         <run_address>0x25d</run_address>
         <size>0x45</size>
         <input_file_ref idref="fl-2"/>
      </object_component>
      <object_component id="oc-4e7">
         <name>.debug_line</name>
         <load_address>0x2a2</load_address>
         <run_address>0x2a2</run_address>
         <size>0x4b</size>
         <input_file_ref idref="fl-2"/>
      </object_component>
      <object_component id="oc-576">
         <name>.debug_line</name>
         <load_address>0x2ed</load_address>
         <run_address>0x2ed</run_address>
         <size>0x7a</size>
         <input_file_ref idref="fl-2"/>
      </object_component>
      <object_component id="oc-38a">
         <name>.debug_line</name>
         <load_address>0x367</load_address>
         <run_address>0x367</run_address>
         <size>0x20</size>
         <input_file_ref idref="fl-2"/>
      </object_component>
      <object_component id="oc-659">
         <name>.debug_line</name>
         <load_address>0x387</load_address>
         <run_address>0x387</run_address>
         <size>0x122</size>
         <input_file_ref idref="fl-3"/>
      </object_component>
      <object_component id="oc-4cd">
         <name>.debug_line</name>
         <load_address>0x4a9</load_address>
         <run_address>0x4a9</run_address>
         <size>0x33</size>
         <input_file_ref idref="fl-3"/>
      </object_component>
      <object_component id="oc-439">
         <name>.debug_line</name>
         <load_address>0x4dc</load_address>
[...]
         <value>0x25fa</value>
         <object_component_ref idref="oc-4f2"/>
      </symbol>
      <symbol id="sm-422">
         <name>Tasks</name>
         <value>0x2400</value>
         <object_component_ref idref="oc-4d3"/>
      </symbol>
      <symbol id="sm-423">
         <name>tasks_ids</name>
         <value>0x2594</value>
         <object_component_ref idref="oc-57a"/>
      </symbol>
      <symbol id="sm-4f5">
         <name>servo_lut</name>
         <value>0x2602</value>
      </symbol>
      <symbol id="sm-4f6">
         <name>Task_10ms</name>
         <value>0x108b4</value>
         <object_component_ref idref="oc-53e"/>
      </symbol>
      <symbol id="sm-4f7">
         <name>write_log</name>
         <value>0x10d3c</value>
         <object_component_ref idref="oc-5f8"/>
      </symbol>
      <symbol id="sm-4f8">
         <name>max_speed_message</name>
         <value>0x4458</value>
         <object_component_ref idref="oc-647"/>
      </symbol>
      <symbol id="sm-4f9">
         <name>Task_Aperiodic_ADCInit</name>
         <value>0x11308</value>
         <object_component_ref idref="oc-5de"/>
      </symbol>
      <symbol id="sm-4fa">
         <name>Task_PeriodicServer6msInit</name>
         <value>0x11482</value>
         <object_component_ref idref="oc-538"/>
      </symbol>
      <symbol id="sm-4fb">
         <name>Task_Aperiodic_Button</name>
         <value>0x111dc</value>
         <object_component_ref idref="oc-5d7"/>
      </symbol>
      <symbol id="sm-4fc">
         <name>Task_20ms</name>
         <value>0x1133e</value>
         <object_component_ref idref="oc-54a"/>
      </symbol>
      <symbol id="sm-4fd">
         <name>Task_10msInit</name>
         <value>0x1124a</value>
         <object_component_ref idref="oc-544"/>
      </symbol>
      <symbol id="sm-4fe">
         <name>Task_40msInit</name>
         <value>0x10ff0</value>
         <object_component_ref idref="oc-55c"/>
      </symbol>
      <symbol id="sm-4ff">
         <name>Task_5ms</name>
         <value>0x10f00</value>
         <object_component_ref idref="oc-526"/>
      </symbol>
      <symbol id="sm-500">
         <name>PWM_Duty</name>
         <value>0x25d2</value>
         <object_component_ref idref="oc-5ba"/>
      </symbol>
      <symbol id="sm-501">
         <name>Task_Aperiodic_ADC</name>
         <value>0x11418</value>
         <object_component_ref idref="oc-5d1"/>
      </symbol>
      <symbol id="sm-502">
         <name>Task_Aperiodic_ButtonInit</name>
         <value>0x10bf8</value>
         <object_component_ref idref="oc-5e4"/>
      </symbol>
      <symbol id="sm-503">
         <name>last_max_speed</name>
         <value>0x25ee</value>
         <object_component_ref idref="oc-5ba"/>
      </symbol>
      <symbol id="sm-504">
         <name>Task_5msInit</name>
         <value>0x1149e</value>
         <object_component_ref idref="oc-52c"/>
      </symbol>
      <symbol id="sm-505">
         <name>Task_20msInit</name>
         <value>0x1126a</value>
         <object_component_ref idref="oc-550"/>
      </symbol>
      <symbol id="sm-506">
         <name>Task_80ms</name>
         <value>0x10fa0</value>
         <object_component_ref idref="oc-562"/>
      </symbol>
      <symbol id="sm-507">
         <name>Task_PeriodicServer6ms</name>
         <value>0x11478</value>
         <object_component_ref idref="oc-532"/>
      </symbol>
      <symbol id="sm-508">
         <name>write_SegC</name>
         <value>0x10fa0</value>
         <object_component_ref idref="oc-562"/>
      </symbol>
      <symbol id="sm-509">
         <name>PWM_Period</name>
         <value>0x25d0</value>
         <object_component_ref idref="oc-5ba"/>
      </symbol>
      <symbol id="sm-50a">
         <name>Task_40ms</name>
         <value>0x10c6c</value>
         <object_component_ref idref="oc-556"/>
      </symbol>
      <symbol id="sm-50b">
         <name>Task_80msInit</name>
         <value>0x11388</value>
         <object_component_ref idref="oc-568"/>
      </symbol>
      <symbol id="sm-50c">
         <name>evaluate_button</name>
         <value>0x10da0</value>
         <object_component_ref idref="oc-5b4"/>
      </symbol>
      <symbol id="sm-528">
         <name>enqueue</name>
         <value>0x10b06</value>
         <object_component_ref idref="oc-57d"/>
      </symbol>
      <symbol id="sm-529">
         <name>dequeue</name>
         <value>0x10e00</value>
         <object_component_ref idref="oc-4f5"/>
      </symbol>
      <symbol id="sm-532">
         <name>main</name>
         <value>0x1146c</value>
         <object_component_ref idref="oc-404"/>
      </symbol>
      <symbol id="sm-553">
         <name>sprintf</name>
         <value>0x11080</value>
         <object_component_ref idref="oc-651"/>
      </symbol>
      <symbol id="sm-556">
         <name>__TI_int41</name>
         <value>0xffd2</value>
         <object_component_ref idref="oc-79"/>
      </symbol>
      <symbol id="sm-559">
         <name>__TI_int42</name>
         <value>0xffd4</value>
         <object_component_ref idref="oc-7a"/>
      </symbol>
      <symbol id="sm-55c">
         <name>__TI_int43</name>
         <value>0xffd6</value>
         <object_component_ref idref="oc-7b"/>
      </symbol>
      <symbol id="sm-55f">
         <name>__TI_int45</name>
         <value>0xffda</value>
         <object_component_ref idref="oc-7d"/>
      </symbol>
      <symbol id="sm-562">
         <name>__TI_int46</name>
         <value>0xffdc</value>
         <object_component_ref idref="oc-7e"/>
      </symbol>
      <symbol id="sm-565">
         <name>__TI_int47</name>
         <value>0xffde</value>
         <object_component_ref idref="oc-7f"/>
      </symbol>
      <symbol id="sm-568">
         <name>__TI_int48</name>
         <value>0xffe0</value>
         <object_component_ref idref="oc-80"/>
      </symbol>
      <symbol id="sm-56b">
         <name>__TI_int49</name>
         <value>0xffe2</value>
         <object_component_ref idref="oc-81"/>
      </symbol>
      <symbol id="sm-56e">
         <name>__TI_int50</name>
         <value>0xffe4</value>
         <object_component_ref idref="oc-82"/>
      </symbol>
      <symbol id="sm-571">
         <name>__TI_int51</name>
         <value>0xffe6</value>
         <object_component_ref idref="oc-83"/>
      </symbol>
      <symbol id="sm-574">
         <name>__TI_int52</name>
         <value>0xffe8</value>
         <object_component_ref idref="oc-84"/>
      </symbol>
      <symbol id="sm-577">
         <name>__TI_int53</name>
         <value>0xffea</value>
         <object_component_ref idref="oc-85"/>
      </symbol>
      <symbol id="sm-57a">
         <name>__TI_int54</name>
         <value>0xffec</value>
         <object_component_ref idref="oc-86"/>
      </symbol>
      <symbol id="sm-57d">
         <name>__TI_int55</name>
         <value>0xffee</value>
         <object_component_ref idref="oc-87"/>
      </symbol>
      <symbol id="sm-580">
         <name>__TI_int56</name>
         <value>0xfff0</value>
         <object_component_ref idref="oc-88"/>
      </symbol>
      <symbol id="sm-583">
         <name>__TI_int57</name>
         <value>0xfff2</value>
         <object_component_ref idref="oc-89"/>
      </symbol>
      <symbol id="sm-586">
         <name>__TI_int58</name>
         <value>0xfff4</value>
         <object_component_ref idref="oc-8a"/>
      </symbol>
      <symbol id="sm-589">
         <name>__TI_int59</name>
         <value>0xfff6</value>
         <object_component_ref idref="oc-8b"/>
      </symbol>
      <symbol id="sm-58c">
         <name>__TI_int60</name>
         <value>0xfff8</value>
         <object_component_ref idref="oc-8c"/>
      </symbol>
      <symbol id="sm-58f">
         <name>__TI_int61</name>
         <value>0xfffa</value>
         <object_component_ref idref="oc-8d"/>
      </symbol>
      <symbol id="sm-592">
         <name>__TI_int62</name>
         <value>0xfffc</value>
         <object_component_ref idref="oc-8e"/>
      </symbol>
      <symbol id="sm-59a">
         <name>__TI_ISR_TRAP</name>
         <value>0x4450</value>
         <object_component_ref idref="oc-399"/>
      </symbol>
      <symbol id="sm-5a3">
         <name>__mspabi_mpyi_f5hw</name>
         <value>0x11370</value>
         <object_component_ref idref="oc-4ce"/>
      </symbol>
      <symbol id="sm-5ac">
         <name>__mspabi_mpyl_f5hw</name>
         <value>0x11226</value>
         <object_component_ref idref="oc-66a"/>
      </symbol>
      <symbol id="sm-5be">
         <name>_stack</name>
         <value>0x4360</value>
         <object_component_ref idref="oc-37d"/>
      </symbol>
      <symbol id="sm-5bf">
         <name>_c_int00_noargs</name>
         <value>0x4434</value>
         <object_component_ref idref="oc-3b6"/>
      </symbol>
      <symbol id="sm-5c0">
         <name>_reset_vector</name>
         <value>0xfffe</value>
         <object_component_ref idref="oc-380"/>
      </symbol>
      <symbol id="sm-5e3">
         <name>__TI_auto_init_nobinit_nopinit_hold_wdt</name>
         <value>0x10e5a</value>
         <object_component_ref idref="oc-45f"/>
      </symbol>
      <symbol id="sm-5f6">
         <name>__TI_zero_init_nomemset</name>
         <value>0x11202</value>
         <object_component_ref idref="oc-3a4"/>
      </symbol>
      <symbol id="sm-601">
         <name>_system_pre_init</name>
         <value>0x11498</value>
         <object_component_ref idref="oc-3fe"/>
      </symbol>
      <symbol id="sm-60a">
         <name>_system_post_cinit</name>
         <value>0x114a0</value>
         <object_component_ref idref="oc-4a9"/>
      </symbol>
      <symbol id="sm-61b">
         <name>__TI_decompress_none</name>
         <value>0x1143c</value>
         <object_component_ref idref="oc-73"/>
      </symbol>
      <symbol id="sm-63e">
         <name>__TI_decompress_lzss</name>
         <value>0x10b82</value>
         <object_component_ref idref="oc-6d"/>
      </symbol>
      <symbol id="sm-651">
         <name>__mspabi_cvtdf</name>
         <value>0x10976</value>
         <object_component_ref idref="oc-5c9"/>
      </symbol>
      <symbol id="sm-65c">
         <name>__mspabi_fixdu</name>
         <value>0x1142a</value>
         <object_component_ref idref="oc-5ef"/>
      </symbol>
      <symbol id="sm-671">
         <name>__mspabi_fixdul</name>
         <value>0x10cd4</value>
         <object_component_ref idref="oc-639"/>
      </symbol>
      <symbol id="sm-67a">
         <name>__mspabi_fltud</name>
         <value>0x1148c</value>
         <object_component_ref idref="oc-5bd"/>
      </symbol>
      <symbol id="sm-68f">
         <name>__mspabi_fltuld</name>
         <value>0x10a86</value>
         <object_component_ref idref="oc-61a"/>
      </symbol>
      <symbol id="sm-6b0">
         <name>__mspabi_mpyd</name>
         <value>0x10280</value>
         <object_component_ref idref="oc-5c3"/>
      </symbol>
      <symbol id="sm-6ba">
         <name>C$$EXIT</name>
         <value>0x11492</value>
         <object_component_ref idref="oc-43b"/>
      </symbol>
      <symbol id="sm-6bb">
         <name>abort</name>
         <value>0x11492</value>
         <object_component_ref idref="oc-43b"/>
      </symbol>
      <symbol id="sm-6cb">
         <name>memcpy</name>
         <value>0x113f2</value>
         <object_component_ref idref="oc-38c"/>
      </symbol>
      <symbol id="sm-6d8">
         <name>strlen</name>
         <value>0x1145e</value>
         <object_component_ref idref="oc-64a"/>
      </symbol>
      <symbol id="sm-72c">
         <name>__TI_printfi_minimal</name>
         <value>0x106fe</value>
         <object_component_ref idref="oc-691"/>
      </symbol>
      <symbol id="sm-736">
         <name>__mspabi_remu</name>
         <value>0x113b4</value>
         <object_component_ref idref="oc-6dd"/>
      </symbol>
      <symbol id="sm-737">
         <name>__mspabi_divu</name>
         <value>0x113b4</value>
         <object_component_ref idref="oc-6dd"/>
      </symbol>
      <symbol id="sm-73f">
         <name>__mspabi_slll_9</name>
         <value>0x1111a</value>
         <object_component_ref idref="oc-62e"/>
      </symbol>
      <symbol id="sm-740">
         <name>__mspabi_slll_8</name>
         <value>0x1111e</value>
         <object_component_ref idref="oc-62e"/>
      </symbol>
      <symbol id="sm-741">
         <name>__mspabi_slll_7</name>
         <value>0x11122</value>
         <object_component_ref idref="oc-62e"/>
      </symbol>
      <symbol id="sm-742">
         <name>__mspabi_slll_6</name>
         <value>0x11126</value>
         <object_component_ref idref="oc-62e"/>
      </symbol>
      <symbol id="sm-743">
         <name>__mspabi_slll_5</name>
         <value>0x1112a</value>
         <object_component_ref idref="oc-62e"/>
      </symbol>
      <symbol id="sm-744">
         <name>__mspabi_slll_4</name>
         <value>0x1112e</value>
         <object_component_ref idref="oc-62e"/>
      </symbol>
      <symbol id="sm-745">
         <name>__mspabi_slll_3</name>
         <value>0x11132</value>
         <object_component_ref idref="oc-62e"/>
      </symbol>
      <symbol id="sm-746">
         <name>__mspabi_slll_2</name>
         <value>0x11136</value>
         <object_component_ref idref="oc-62e"/>
      </symbol>
      <symbol id="sm-747">
         <name>__mspabi_slll_1</name>
         <value>0x1113a</value>
         <object_component_ref idref="oc-62e"/>
      </symbol>
      <symbol id="sm-748">
         <name>__mspabi_slll_15</name>
         <value>0x11102</value>
         <object_component_ref idref="oc-62e"/>
      </symbol>
      <symbol id="sm-749">
         <name>__mspabi_slll_14</name>
         <value>0x11106</value>
         <object_component_ref idref="oc-62e"/>
      </symbol>
      <symbol id="sm-74a">
         <name>__mspabi_slll_13</name>
         <value>0x1110a</value>
         <object_component_ref idref="oc-62e"/>
      </symbol>
      <symbol id="sm-74b">
         <name>__mspabi_slll_12</name>
         <value>0x1110e</value>
         <object_component_ref idref="oc-62e"/>
      </symbol>
      <symbol id="sm-74c">
         <name>__mspabi_slll_11</name>
         <value>0x11112</value>
         <object_component_ref idref="oc-62e"/>
      </symbol>
      <symbol id="sm-74d">
         <name>__mspabi_slll_10</name>
         <value>0x11116</value>
         <object_component_ref idref="oc-62e"/>
      </symbol>
      <symbol id="sm-75d">
         <name>__mspabi_srll_8</name>
         <value>0x1115c</value>
         <object_component_ref idref="oc-65e"/>
      </symbol>
      <symbol id="sm-75e">
         <name>__mspabi_srll_9</name>
         <value>0x11158</value>
         <object_component_ref idref="oc-65e"/>
      </symbol>
      <symbol id="sm-75f">
         <name>__mspabi_srll_6</name>
         <value>0x11164</value>
         <object_component_ref idref="oc-65e"/>
      </symbol>
      <symbol id="sm-760">
         <name>__mspabi_srll_7</name>
         <value>0x11160</value>
         <object_component_ref idref="oc-65e"/>
      </symbol>
      <symbol id="sm-761">
         <name>__mspabi_srll_4</name>
         <value>0x1116c</value>
         <object_component_ref idref="oc-65e"/>
      </symbol>
      <symbol id="sm-762">
         <name>__mspabi_srll_5</name>
         <value>0x11168</value>
         <object_component_ref idref="oc-65e"/>
      </symbol>
      <symbol id="sm-763">
         <name>__mspabi_srll_2</name>
         <value>0x11174</value>
         <object_component_ref idref="oc-65e"/>
      </symbol>
      <symbol id="sm-764">
         <name>__mspabi_srll_3</name>
         <value>0x11170</value>
         <object_component_ref idref="oc-65e"/>
      </symbol>
      <symbol id="sm-765">
         <name>__mspabi_srll_1</name>
         <value>0x11178</value>
         <object_component_ref idref="oc-65e"/>
      </symbol>
      <symbol id="sm-766">
         <name>__mspabi_srll_15</name>
         <value>0x11140</value>
         <object_component_ref idref="oc-65e"/>
      </symbol>
      <symbol id="sm-767">
         <name>__mspabi_srll_14</name>
         <value>0x11144</value>
         <object_component_ref idref="oc-65e"/>
      </symbol>
      <symbol id="sm-768">
         <name>__mspabi_srll_13</name>
         <value>0x11148</value>
         <object_component_ref idref="oc-65e"/>
      </symbol>
      <symbol id="sm-769">
         <name>__mspabi_srll_12</name>
         <value>0x1114c</value>
         <object_component_ref idref="oc-65e"/>
      </symbol>
      <symbol id="sm-76a">
         <name>__mspabi_srll_11</name>
         <value>0x11150</value>
         <object_component_ref idref="oc-65e"/>
      </symbol>
      <symbol id="sm-76b">
         <name>__mspabi_srll_10</name>
         <value>0x11154</value>
         <object_component_ref idref="oc-65e"/>
      </symbol>
      <symbol id="sm-76c">
         <name>__mspabi_srll</name>
         <value>0x1144e</value>
         <object_component_ref idref="oc-676"/>
      </symbol>
      <symbol id="sm-77e">
         <name>__TI_frcmpyd</name>
         <value>0x10000</value>
         <object_component_ref idref="oc-621"/>
      </symbol>
      <symbol id="sm-78d">
         <name>memccpy</name>
         <value>0x112ea</value>
         <object_component_ref idref="oc-6cc"/>
      </symbol>
      <symbol id="sm-79b">
         <name>memset</name>
         <value>0x1139e</value>
         <object_component_ref idref="oc-6bf"/>
      </symbol>
      <symbol id="sm-7a3">
         <name>__mspabi_sral_15</name>
         <value>0x110c4</value>
         <object_component_ref idref="oc-665"/>
      </symbol>
      <symbol id="sm-7a4">
         <name>__mspabi_sral_14</name>
         <value>0x110c8</value>
         <object_component_ref idref="oc-665"/>
      </symbol>
      <symbol id="sm-7a5">
         <name>__mspabi_sral_13</name>
         <value>0x110cc</value>
         <object_component_ref idref="oc-665"/>
      </symbol>
      <symbol id="sm-7a6">
         <name>__mspabi_sral_12</name>
         <value>0x110d0</value>
         <object_component_ref idref="oc-665"/>
      </symbol>
      <symbol id="sm-7a7">
         <name>__mspabi_sral_11</name>
         <value>0x110d4</value>
         <object_component_ref idref="oc-665"/>
      </symbol>
      <symbol id="sm-7a8">
         <name>__mspabi_sral_10</name>
         <value>0x110d8</value>
         <object_component_ref idref="oc-665"/>
      </symbol>
      <symbol id="sm-7a9">
         <name>__mspabi_sral_8</name>
         <value>0x110e0</value>
         <object_component_ref idref="oc-665"/>
      </symbol>
      <symbol id="sm-7aa">
         <name>__mspabi_sral_9</name>
         <value>0x110dc</value>
         <object_component_ref idref="oc-665"/>
      </symbol>
      <symbol id="sm-7ab">
         <name>__mspabi_sral_6</name>
         <value>0x110e8</value>
         <object_component_ref idref="oc-665"/>
      </symbol>
      <symbol id="sm-7ac">
         <name>__mspabi_sral_7</name>
         <value>0x110e4</value>
         <object_component_ref idref="oc-665"/>
      </symbol>
      <symbol id="sm-7ad">
         <name>__mspabi_sral_4</name>
         <value>0x110f0</value>
         <object_component_ref idref="oc-665"/>
      </symbol>
      <symbol id="sm-7ae">
         <name>__mspabi_sral_5</name>
         <value>0x110ec</value>
         <object_component_ref idref="oc-665"/>
      </symbol>
      <symbol id="sm-7af">
         <name>__mspabi_sral_2</name>
         <value>0x110f8</value>
         <object_component_ref idref="oc-665"/>
      </symbol>
      <symbol id="sm-7b0">
         <name>__mspabi_sral_3</name>
         <value>0x110f4</value>
         <object_component_ref idref="oc-665"/>
      </symbol>
      <symbol id="sm-7b1">
         <name>__mspabi_sral_1</name>
         <value>0x110fc</value>
         <object_component_ref idref="oc-665"/>
      </symbol>
   </symbol_table>
   <title>Link successful</title>
</link_info>
